Archive member included because of file (symbol)

libs/gcc/app_start.lib(adc.o)
                              build\gcc\obj/custom/mg_adc.o (Ql_ADC_Register)
libs/gcc/app_start.lib(fileSys.o)
                              build\gcc\obj/custom/fota/src/fota_ftp.o (Ql_FS_Open)
libs/gcc/app_start.lib(fota.o)
                              build\gcc\obj/custom/fota/src/fota_main.o (Ql_FOTA_Init)
libs/gcc/app_start.lib(gpio.o)
                              build\gcc\obj/custom/mg_spi.o (Ql_GPIO_Init)
libs/gcc/app_start.lib(gprs.o)
                              build\gcc\obj/custom/fota/src/fota_main.o (Ql_GPRS_GetPDPContextId)
libs/gcc/app_start.lib(iic.o)
                              build\gcc\obj/example/nema_pro.o (Ql_IIC_Write)
libs/gcc/app_start.lib(lib_ril_sms.o)
                              build\gcc\obj/ril/src/ril_sms.o (LIB_SMS_IsValidHexStr)
libs/gcc/app_start.lib(memory.o)
                              build\gcc\obj/ril/src/ril_bluetooth.o (Ql_MEM_Alloc)
libs/gcc/app_start.lib(power.o)
                              build\gcc\obj/custom/mg_sleep.o (Ql_SleepEnable)
libs/gcc/app_start.lib(ql_func.o)
                              libs/gcc/app_start.lib(memory.o) (api_notsup)
libs/gcc/app_start.lib(ql_main.o)
                              build\gcc\obj/ril/src/ril_bluetooth.o (Ql_Debug_Trace)
libs/gcc/app_start.lib(ril_aux.o)
                              build\gcc\obj/custom/config/sys_config.o (proc_reserved2)
libs/gcc/app_start.lib(ril_main.o)
                              build\gcc\obj/custom/config/sys_config.o (proc_reserved1)
libs/gcc/app_start.lib(spi.o)
                              build\gcc\obj/custom/mg_spi.o (Ql_SPI_Init)
libs/gcc/app_start.lib(stdlib_func.o)
                              build\gcc\obj/ril/src/Ril_dtmf.o (Ql_atof)
libs/gcc/app_start.lib(system.o)
                              build\gcc\obj/ril/src/ril_ftp.o (Ql_Sleep)
libs/gcc/app_start.lib(taskMngt.o)
                              build\gcc\obj/custom/main.o (Ql_OS_GetMessage)
libs/gcc/app_start.lib(timer.o)
                              build\gcc\obj/custom/mg_timer.o (Ql_Timer_Register)
libs/gcc/app_start.lib(uart.o)
                              build\gcc\obj/custom/mg_uart.o (Ql_UART_Register)
libs/gcc/app_start.lib(ocpu_init.o)
                              libs/gcc/app_start.lib(ql_main.o) (_OCPU_InitUserMem)
C:\Program Files (x86)\CodeSourcery\Sourcery_CodeBench_Lite_for_ARM_EABI/arm-none-eabi/lib/thumb/libc.a(lib_a-memcpy.o)
                              build\gcc\obj/ril/src/ril_alarm.o (memcpy)
C:\Program Files (x86)\CodeSourcery\Sourcery_CodeBench_Lite_for_ARM_EABI/arm-none-eabi/lib/thumb/libc.a(lib_a-memset.o)
                              build\gcc\obj/ril/src/ril_alarm.o (memset)
C:\Program Files (x86)\CodeSourcery\Sourcery_CodeBench_Lite_for_ARM_EABI/lib/gcc/arm-none-eabi/4.7.2/thumb/libgcc.a(_udivsi3.o)
                              libs/gcc/app_start.lib(lib_ril_sms.o) (__aeabi_uidiv)
C:\Program Files (x86)\CodeSourcery\Sourcery_CodeBench_Lite_for_ARM_EABI/lib/gcc/arm-none-eabi/4.7.2/thumb/libgcc.a(_divsi3.o)
                              libs/gcc/app_start.lib(lib_ril_sms.o) (__aeabi_idiv)
C:\Program Files (x86)\CodeSourcery\Sourcery_CodeBench_Lite_for_ARM_EABI/lib/gcc/arm-none-eabi/4.7.2/thumb/libgcc.a(_dvmd_tls.o)
                              C:\Program Files (x86)\CodeSourcery\Sourcery_CodeBench_Lite_for_ARM_EABI/lib/gcc/arm-none-eabi/4.7.2/thumb/libgcc.a(_udivsi3.o) (__aeabi_idiv0)
C:\Program Files (x86)\CodeSourcery\Sourcery_CodeBench_Lite_for_ARM_EABI/lib/gcc/arm-none-eabi/4.7.2/thumb/libgcc.a(_arm_addsubdf3.o)
                              build\gcc\obj/custom/mg_spi.o (__aeabi_ui2d)
C:\Program Files (x86)\CodeSourcery\Sourcery_CodeBench_Lite_for_ARM_EABI/lib/gcc/arm-none-eabi/4.7.2/thumb/libgcc.a(_arm_muldivdf3.o)
                              build\gcc\obj/custom/mg_spi.o (__aeabi_dmul)
C:\Program Files (x86)\CodeSourcery\Sourcery_CodeBench_Lite_for_ARM_EABI/lib/gcc/arm-none-eabi/4.7.2/thumb/libgcc.a(_arm_fixdfsi.o)
                              build\gcc\obj/ril/src/Ril_dtmf.o (__aeabi_d2iz)
C:\Program Files (x86)\CodeSourcery\Sourcery_CodeBench_Lite_for_ARM_EABI/lib/gcc/arm-none-eabi/4.7.2/thumb/libgcc.a(_arm_truncdfsf2.o)
                              build\gcc\obj/ril/src/ril_location.o (__aeabi_d2f)
C:\Program Files (x86)\CodeSourcery\Sourcery_CodeBench_Lite_for_ARM_EABI/lib/gcc/arm-none-eabi/4.7.2/thumb/libgcc.a(_aeabi_ldivmod.o)
                              build\gcc\obj/custom/mg_gnss.o (__aeabi_ldivmod)
C:\Program Files (x86)\CodeSourcery\Sourcery_CodeBench_Lite_for_ARM_EABI/lib/gcc/arm-none-eabi/4.7.2/thumb/libgcc.a(bpabi.o)
                              C:\Program Files (x86)\CodeSourcery\Sourcery_CodeBench_Lite_for_ARM_EABI/lib/gcc/arm-none-eabi/4.7.2/thumb/libgcc.a(_aeabi_ldivmod.o) (__gnu_ldivmod_helper)
C:\Program Files (x86)\CodeSourcery\Sourcery_CodeBench_Lite_for_ARM_EABI/lib/gcc/arm-none-eabi/4.7.2/thumb/libgcc.a(_muldi3.o)
[...]
Memory Configuration

Name             Origin             Length             Attributes
ROM              0x102db040         0x00050000         xr
RAM              0xf03d2000         0x00019000         xrw
*default*        0x00000000         0xffffffff

Linker script and memory map

                0x102db040                . = 0x102db040

.initdata       0x102db040       0x2c
 *(.initdata)
 .initdata      0x102db040       0x2c libs/gcc/app_start.lib(ql_main.o)
                0x102db040                GADLENTRY

text            0x102db070      0x420
 *(.text)
 .text          0x102db070       0x4c libs/gcc/app_start.lib(ocpu_init.o)
                0x102db070                _OCPU_InitUserMem
 .text          0x102db0bc      0x10c C:\Program Files (x86)\CodeSourcery\Sourcery_CodeBench_Lite_for_ARM_EABI/arm-none-eabi/lib/thumb/libc.a(lib_a-memcpy.o)
                0x102db0bc                memcpy
 .text          0x102db1c8       0x9c C:\Program Files (x86)\CodeSourcery\Sourcery_CodeBench_Lite_for_ARM_EABI/arm-none-eabi/lib/thumb/libc.a(lib_a-memset.o)
                0x102db1c8                memset
 .text          0x102db264      0x11c C:\Program Files (x86)\CodeSourcery\Sourcery_CodeBench_Lite_for_ARM_EABI/lib/gcc/arm-none-eabi/4.7.2/thumb/libgcc.a(_udivsi3.o)
                0x102db264                __aeabi_uidiv
                0x102db264                __udivsi3
                0x102db360                __aeabi_uidivmod
 .text          0x102db380        0x4 C:\Program Files (x86)\CodeSourcery\Sourcery_CodeBench_Lite_for_ARM_EABI/lib/gcc/arm-none-eabi/4.7.2/thumb/libgcc.a(_dvmd_tls.o)
                0x102db380                __aeabi_idiv0
                0x102db380                __aeabi_ldiv0
 .text          0x102db384       0x5c C:\Program Files (x86)\CodeSourcery\Sourcery_CodeBench_Lite_for_ARM_EABI/lib/gcc/arm-none-eabi/4.7.2/thumb/libgcc.a(_arm_fixdfsi.o)
                0x102db384                __aeabi_d2iz
                0x102db384                __fixdfsi
 .text          0x102db3e0       0xa0 C:\Program Files (x86)\CodeSourcery\Sourcery_CodeBench_Lite_for_ARM_EABI/lib/gcc/arm-none-eabi/4.7.2/thumb/libgcc.a(_arm_truncdfsf2.o)
                0x102db3e0                __truncdfsf2
                0x102db3e0                __aeabi_d2f
 .text.__stub   0x102db480        0xc linker stubs

.glue_7         0x102db490        0x0
 .glue_7        0x00000000        0x0 linker stubs

.glue_7t        0x102db490        0x0
 .glue_7t       0x00000000        0x0 linker stubs

.vfp11_veneer   0x102db490        0x0
 .vfp11_veneer  0x00000000        0x0 linker stubs

.v4_bx          0x102db490        0x0
 .v4_bx         0x00000000        0x0 linker stubs

.iplt           0x102db490        0x0
 .iplt          0x00000000        0x0 build\gcc\obj/custom/config/custom_sys_cfg.o

.text.Ql_RIL_AT_SetErrCode
                0x102db490       0x10
 .text.Ql_RIL_AT_SetErrCode
                0x102db490       0x10 build\gcc\obj/ril/src/ril_atResponse.o
                0x102db490                Ql_RIL_AT_SetErrCode

.text.Default_atRsp_callback
                0x102db4a0       0xcc
 .text.Default_atRsp_callback
                0x102db4a0       0xcc build\gcc\obj/ril/src/ril_atResponse.o
                0x102db4a0                Default_atRsp_callback

.text.OnURCHandler_BTGatscon
                0x102db56c      0x118
 .text.OnURCHandler_BTGatscon
                0x102db56c      0x118 build\gcc\obj/ril/src/ril_ble.o
                0x102db56c                OnURCHandler_BTGatscon

.text.OnURCHandler_BTGatwreq
                0x102db684       0xf8
 .text.OnURCHandler_BTGatwreq
                0x102db684       0xf8 build\gcc\obj/ril/src/ril_ble.o
                0x102db684                OnURCHandler_BTGatwreq

.text.OnURCHandler_BTGatewreq
                0x102db77c       0xe0
 .text.OnURCHandler_BTGatewreq
                0x102db77c       0xe0 build\gcc\obj/ril/src/ril_ble.o
                0x102db77c                OnURCHandler_BTGatewreq

.text.OnURCHandler_BTGatrreq
                0x102db85c       0xc8
 .text.OnURCHandler_BTGatrreq
                0x102db85c       0xc8 build\gcc\obj/ril/src/ril_ble.o
                0x102db85c                OnURCHandler_BTGatrreq

.text.OnURCHandler_BTpxpscon
                0x102db924       0xa8
 .text.OnURCHandler_BTpxpscon
                0x102db924       0xa8 build\gcc\obj/ril/src/ril_ble.o
                0x102db924                OnURCHandler_BTpxpscon

.text.OnURCHandler_BTfmpscon
                0x102db9cc       0x9c
 .text.OnURCHandler_BTfmpscon
                0x102db9cc       0x9c build\gcc\obj/ril/src/ril_ble.o
                0x102db9cc                OnURCHandler_BTfmpscon

.text.OnURCHandler_BTGatcscan
                0x102dba68      0x194
 .text.OnURCHandler_BTGatcscan
                0x102dba68      0x194 build\gcc\obj/ril/src/ril_ble_clinet.o
                0x102dba68                OnURCHandler_BTGatcscan

.text.OnURCHandler_BTGatccon
                0x102dbbfc      0x178
 .text.OnURCHandler_BTGatccon
                0x102dbbfc      0x178 build\gcc\obj/ril/src/ril_ble_clinet.o
                0x102dbbfc                OnURCHandler_BTGatccon

.text.OnURCHandler_BTGatcss
                0x102dbd74      0x150
 .text.OnURCHandler_BTGatcss
                0x102dbd74      0x150 build\gcc\obj/ril/src/ril_ble_clinet.o
                0x102dbd74                OnURCHandler_BTGatcss

.text.OnURCHandler_BTGatcgc
                0x102dbec4      0x1f0
 .text.OnURCHandler_BTGatcgc
                0x102dbec4      0x1f0 build\gcc\obj/ril/src/ril_ble_clinet.o
                0x102dbec4                OnURCHandler_BTGatcgc

.text.OnURCHandler_BTGatcgd
                0x102dc0b4      0x218
 .text.OnURCHandler_BTGatcgd
                0x102dc0b4      0x218 build\gcc\obj/ril/src/ril_ble_clinet.o
                0x102dc0b4                OnURCHandler_BTGatcgd

.text.OnURCHandler_BTGatcrc
                0x102dc2cc      0x100
 .text.OnURCHandler_BTGatcrc
                0x102dc2cc      0x100 build\gcc\obj/ril/src/ril_ble_clinet.o
                0x102dc2cc                OnURCHandler_BTGatcrc

.text.OnURCHandler_BTGatcrd
                0x102dc3cc      0x100
 .text.OnURCHandler_BTGatcrd
                0x102dc3cc      0x100 build\gcc\obj/ril/src/ril_ble_clinet.o
                0x102dc3cc                OnURCHandler_BTGatcrd

.text.OnURCHandler_BTGatcn
                0x102dc4cc      0x1a0
 .text.OnURCHandler_BTGatcn
                0x102dc4cc      0x1a0 build\gcc\obj/ril/src/ril_ble_clinet.o
                0x102dc4cc                OnURCHandler_BTGatcn

.text.BT_DevMngmt_Append
                0x102dc66c       0x34
 .text.BT_DevMngmt_Append
                0x102dc66c       0x34 build\gcc\obj/ril/src/ril_bluetooth.o

.text.BT_DevMngmt_isFull
                0x102dc6a0       0x40
 .text.BT_DevMngmt_isFull
                0x102dc6a0       0x40 build\gcc\obj/ril/src/ril_bluetooth.o

.text.ATRsp_QBTSTATE_Hdlr
                0x102dc6e0      0x444
 .text.ATRsp_QBTSTATE_Hdlr
                0x102dc6e0      0x444 build\gcc\obj/ril/src/ril_bluetooth.o

.text.BT_DevMngmt_UpdateProfileId.constprop.7
                0x102dcb24       0x38
 .text.BT_DevMngmt_UpdateProfileId.constprop.7
                0x102dcb24       0x38 build\gcc\obj/ril/src/ril_bluetooth.o

.text.BT_DevMngmt_UpdateConnId.constprop.8
                0x102dcb5c       0x38
 .text.BT_DevMngmt_UpdateConnId.constprop.8
                0x102dcb5c       0x38 build\gcc\obj/ril/src/ril_bluetooth.o

.text.OnURCHandler_BTVisible
                0x102dcb94       0xe4
 .text.OnURCHandler_BTVisible
                0x102dcb94       0xe4 build\gcc\obj/ril/src/ril_bluetooth.o
                0x102dcb94                OnURCHandler_BTVisible

.text.OnURCHandler_BTScan
                0x102dcc78      0x26c
 .text.OnURCHandler_BTScan
                0x102dcc78      0x26c build\gcc\obj/ril/src/ril_bluetooth.o
                0x102dcc78                OnURCHandler_BTScan

.text.RIL_BT_QueryState
                0x102dcee4       0x68
 .text.RIL_BT_QueryState
                0x102dcee4       0x68 build\gcc\obj/ril/src/ril_bluetooth.o
                0x102dcee4                RIL_BT_QueryState

.text.OnURCHandler_BTPair
                0x102dcf4c      0x208
 .text.OnURCHandler_BTPair
                0x102dcf4c      0x208 build\gcc\obj/ril/src/ril_bluetooth.o
                0x102dcf4c                OnURCHandler_BTPair

.text.OnURCHandler_BTPairCnf
                0x102dd154      0x22c
 .text.OnURCHandler_BTPairCnf
                0x102dd154      0x22c build\gcc\obj/ril/src/ril_bluetooth.o
                0x102dd154                OnURCHandler_BTPairCnf

.text.OnURCHandler_BTConn
                0x102dd380      0x234
 .text.OnURCHandler_BTConn
                0x102dd380      0x234 build\gcc\obj/ril/src/ril_bluetooth.o
                0x102dd380                OnURCHandler_BTConn

.text.OnURCHandler_BTConnCnf
                0x102dd5b4      0x2bc
 .text.OnURCHandler_BTConnCnf
                0x102dd5b4      0x2bc build\gcc\obj/ril/src/ril_bluetooth.o
                0x102dd5b4                OnURCHandler_BTConnCnf

.text.OnURCHandler_BTDisconn
                0x102dd870      0x1b8
 .text.OnURCHandler_BTDisconn
                0x102dd870      0x1b8 build\gcc\obj/ril/src/ril_bluetooth.o
                0x102dd870                OnURCHandler_BTDisconn

.text.OnURCHandler_BTIndication
                0x102dda28      0x35c
 .text.OnURCHandler_BTIndication
                0x102dda28      0x35c build\gcc\obj/ril/src/ril_bluetooth.o
                0x102dda28                OnURCHandler_BTIndication

.text.Ql_RIL_RcvDataFrmCore
                0x102ddd84       0x20
 .text.Ql_RIL_RcvDataFrmCore
                0x102ddd84       0x20 build\gcc\obj/ril/src/ril_custom.o
                0x102ddd84                Ql_RIL_RcvDataFrmCore

.text.OnURCHandler_QToneDet
                0x102ddda4       0xf4
 .text.OnURCHandler_QToneDet
                0x102ddda4       0xf4 build\gcc\obj/ril/src/Ril_dtmf.o
                0x102ddda4                OnURCHandler_QToneDet

.text.OnURCHandler_QWDTMF
                0x102dde98       0xa0
 .text.OnURCHandler_QWDTMF
                0x102dde98       0xa0 build\gcc\obj/ril/src/Ril_dtmf.o
                0x102dde98                OnURCHandler_QWDTMF

.text.ATResponse_GPSRead_Hdlr
                0x102ddf38      0x3c8
 .text.ATResponse_GPSRead_Hdlr
                0x102ddf38      0x3c8 build\gcc\obj/ril/src/ril_gps.o

.text.RIL_GPS_Open
                0x102de300       0xb4
 .text.RIL_GPS_Open
                0x102de300       0xb4 build\gcc\obj/ril/src/ril_gps.o
                0x102de300                RIL_GPS_Open

.text.RIL_GPS_Read
                0x102de3b4      0x12c
 .text.RIL_GPS_Read
                0x102de3b4      0x12c build\gcc\obj/ril/src/ril_gps.o
                0x102de3b4                RIL_GPS_Read

.text.OnURCHandler_GPSCMD
                0x102de4e0       0x6c
 .text.OnURCHandler_GPSCMD
                0x102de4e0       0x6c build\gcc\obj/ril/src/ril_gps.o
                0x102de4e0                OnURCHandler_GPSCMD

.text.RIL_GPS_CMD_Send
                0x102de54c       0xb0
 .text.RIL_GPS_CMD_Send
                0x102de54c       0xb0 build\gcc\obj/ril/src/ril_gps.o
                0x102de54c                RIL_GPS_CMD_Send

.text.RIL_GPS_EPO_Enable
                0x102de5fc       0x98
 .text.RIL_GPS_EPO_Enable
                0x102de5fc       0x98 build\gcc\obj/ril/src/ril_gps.o
                0x102de5fc                RIL_GPS_EPO_Enable

.text.RIL_GPS_EPO_Aid
                0x102de694       0x84
 .text.RIL_GPS_EPO_Aid
                0x102de694       0x84 build\gcc\obj/ril/src/ril_gps.o
                0x102de694                RIL_GPS_EPO_Aid

.text.RIL_GetLimitedCmdCnt
                0x102de718        0x8
 .text.RIL_GetLimitedCmdCnt
                0x102de718        0x8 build\gcc\obj/ril/src/ril_init.o
                0x102de718                RIL_GetLimitedCmdCnt

.text.OnURCHandler_QCELLLocation
                0x102de720      0x148
 .text.OnURCHandler_QCELLLocation
                0x102de720      0x148 build\gcc\obj/ril/src/ril_location.o
                0x102de720                OnURCHandler_QCELLLocation

.text.ATResponse_QMTPUB_handler
                0x102de868       0xb4
 .text.ATResponse_QMTPUB_handler
                0x102de868       0xb4 build\gcc\obj/ril/src/ril_mqtt.o

.text.ATResponse_Handler
                0x102de91c       0x9c
 .text.ATResponse_Handler
                0x102de91c       0x9c build\gcc\obj/ril/src/ril_mqtt.o

.text.RIL_MQTT_QMTCLOSE
                0x102de9b8       0x80
 .text.RIL_MQTT_QMTCLOSE
                0x102de9b8       0x80 build\gcc\obj/ril/src/ril_mqtt.o
                0x102de9b8                RIL_MQTT_QMTCLOSE

.text.RIL_MQTT_QMTDISC
                0x102dea38       0x80
 .text.RIL_MQTT_QMTDISC
                0x102dea38       0x80 build\gcc\obj/ril/src/ril_mqtt.o
                0x102dea38                RIL_MQTT_QMTDISC

.text.RIL_MQTT_QMTPUB
                0x102deab8      0x108
 .text.RIL_MQTT_QMTPUB
                0x102deab8      0x108 build\gcc\obj/ril/src/ril_mqtt.o
                0x102deab8                RIL_MQTT_QMTPUB

.text.OnURCHandler_NTPCMD
                0x102debc0       0x6c
 .text.OnURCHandler_NTPCMD
                0x102debc0       0x6c build\gcc\obj/ril/src/ril_ntp.o
                0x102debc0                OnURCHandler_NTPCMD

.text.RIL_SIM_GetSimStateByName
                0x102dec2c      0x170
 .text.RIL_SIM_GetSimStateByName
                0x102dec2c      0x170 build\gcc\obj/ril/src/ril_sim.o
                0x102dec2c                RIL_SIM_GetSimStateByName

.text.QSDK_Get_Str
                0x102ded9c       0xd0
 .text.QSDK_Get_Str
                0x102ded9c       0xd0 build\gcc\obj/ril/src/ril_system.o
                0x102ded9c                QSDK_Get_Str

.text.QSDK_Get_Strlen
                0x102dee6c       0x68
 .text.QSDK_Get_Strlen
                0x102dee6c       0x68 build\gcc\obj/ril/src/ril_system.o
                0x102dee6c                QSDK_Get_Strlen

.text.OnURCHandler_HTTP
                0x102deed4       0x6c
 .text.OnURCHandler_HTTP
                0x102deed4       0x6c build\gcc\obj/ril/src/ril_urc.o

.text.OnURCHandler_AudPlayInd
                0x102def40       0x50
 .text.OnURCHandler_AudPlayInd
                0x102def40       0x50 build\gcc\obj/ril/src/ril_urc.o

.text.OnURCHandler_MQTT_DISC
                0x102def90      0x124
 .text.OnURCHandler_MQTT_DISC
                0x102def90      0x124 build\gcc\obj/ril/src/ril_urc.o

.text.OnURCHandler_MQTT_CLOSE
                0x102df0b4      0x124
 .text.OnURCHandler_MQTT_CLOSE
                0x102df0b4      0x124 build\gcc\obj/ril/src/ril_urc.o

.text.OnURCHandler_MQTT_STATE
                0x102df1d8       0xf8
 .text.OnURCHandler_MQTT_STATE
                0x102df1d8       0xf8 build\gcc\obj/ril/src/ril_urc.o

.text.OnURCHandler_MQTT_TUNS
                0x102df2d0      0x124
 .text.OnURCHandler_MQTT_TUNS
                0x102df2d0      0x124 build\gcc\obj/ril/src/ril_urc.o

.text.OnURCHandler_MQTT_PUB
                0x102df3f4      0x164
 .text.OnURCHandler_MQTT_PUB
                0x102df3f4      0x164 build\gcc\obj/ril/src/ril_urc.o

.text.OnURCHandler_MQTT_SUB
                0x102df558      0x184
 .text.OnURCHandler_MQTT_SUB
                0x102df558      0x184 build\gcc\obj/ril/src/ril_urc.o

.text.OnURCHandler_MQTT_CONN
                0x102df6dc      0x138
 .text.OnURCHandler_MQTT_CONN
                0x102df6dc      0x138 build\gcc\obj/ril/src/ril_urc.o

.text.OnURCHandler_MQTT_OPEN
                0x102df814       0xf8
 .text.OnURCHandler_MQTT_OPEN
                0x102df814       0xf8 build\gcc\obj/ril/src/ril_urc.o

.text.OnURCHandler_AlarmRing
                0x102df90c       0x28
 .text.OnURCHandler_AlarmRing
                0x102df90c       0x28 build\gcc\obj/ril/src/ril_urc.o

.text.OnURCHandler_InitStat
                0x102df934       0x68
 .text.OnURCHandler_InitStat
                0x102df934       0x68 build\gcc\obj/ril/src/ril_urc.o

.text.OnURCHandler_FTP
                0x102df99c      0x178
 .text.OnURCHandler_FTP
                0x102df99c      0x178 build\gcc\obj/ril/src/ril_urc.o

.text.OnURCHandler_CFUN
                0x102dfb14       0xc0
 .text.OnURCHandler_CFUN
                0x102dfb14       0xc0 build\gcc\obj/ril/src/ril_urc.o

.text.OnURCHandler_Voltage
                0x102dfbd4       0xa4
 .text.OnURCHandler_Voltage
                0x102dfbd4       0xa4 build\gcc\obj/ril/src/ril_urc.o

.text.OnURCHandler_Network
                0x102dfc78      0x178
 .text.OnURCHandler_Network
                0x102dfc78      0x178 build\gcc\obj/ril/src/ril_urc.o

.text.OnURCHandler_Call
                0x102dfdf0      0x28c
 .text.OnURCHandler_Call
                0x102dfdf0      0x28c build\gcc\obj/ril/src/ril_urc.o

.text.OnURCHandler_SIM
                0x102e007c      0x100
 .text.OnURCHandler_SIM
                0x102e007c      0x100 build\gcc\obj/ril/src/ril_urc.o

.text.OnURCHandler_SMS
                0x102e017c      0x138
 .text.OnURCHandler_SMS
                0x102e017c      0x138 build\gcc\obj/ril/src/ril_urc.o

.text.OnURCHandler
                0x102e02b4       0xc0
 .text.OnURCHandler
                0x102e02b4       0xc0 build\gcc\obj/ril/src/ril_urc.o
                0x102e02b4                OnURCHandler

.text.Ql_RIL_IsURCStr
                0x102e0374       0x80
 .text.Ql_RIL_IsURCStr
                0x102e0374       0x80 build\gcc\obj/ril/src/ril_urc.o
                0x102e0374                Ql_RIL_IsURCStr

.text.Ql_StrPrefixMatch
                0x102e03f4       0x48
 .text.Ql_StrPrefixMatch
                0x102e03f4       0x48 build\gcc\obj/ril/src/ril_util.o
                0x102e03f4                Ql_StrPrefixMatch

.text.Ql_StrToUpper
                0x102e043c       0x44
 .text.Ql_StrToUpper
                0x102e043c       0x44 build\gcc\obj/ril/src/ril_util.o
                0x102e043c                Ql_StrToUpper

.text.Ql_RIL_FindString
                0x102e0480       0x90
 .text.Ql_RIL_FindString
                0x102e0480       0x90 build\gcc\obj/ril/src/ril_util.o
                0x102e0480                Ql_RIL_FindString

.text.Ql_RIL_FindLine
                0x102e0510      0x278
 .text.Ql_RIL_FindLine
                0x102e0510      0x278 build\gcc\obj/ril/src/ril_util.o
                0x102e0510                Ql_RIL_FindLine

.text.Ql_GenHash
                0x102e0788       0x4c
 .text.Ql_GenHash
                0x102e0788       0x4c build\gcc\obj/ril/src/ril_util.o
                0x102e0788                Ql_GenHash

.text.Analyse_Command
                0x102e07d4      0x198
 .text.Analyse_Command
                0x102e07d4      0x198 build\gcc\obj/example/utility.o
                0x102e07d4                Analyse_Command

.text.proc_mqtt_task
                0x102e096c        0x4
 .text.proc_mqtt_task
                0x102e096c        0x4 build\gcc\obj/custom/main.o
                0x102e096c                proc_mqtt_task

.text.proc_main_task
                0x102e0970       0xbc
 .text.proc_main_task
                0x102e0970       0xbc build\gcc\obj/custom/main.o
                0x102e0970                proc_main_task

.text.__APP_DEBUG
                0x102e0a2c       0x7c
 .text.__APP_DEBUG
                0x102e0a2c       0x7c build\gcc\obj/custom/mg_debugger.o
                0x102e0a2c                __APP_DEBUG

.text.GPSPower  0x102e0aa8       0x84
 .text.GPSPower
                0x102e0aa8       0x84 build\gcc\obj/custom/mg_gnss.o
                0x102e0aa8                GPSPower

.text.Callback_GPS_CMD_Hdlr
                0x102e0b2c       0x24
 .text.Callback_GPS_CMD_Hdlr
                0x102e0b2c       0x24 build\gcc\obj/custom/mg_gnss.o
                0x102e0b2c                Callback_GPS_CMD_Hdlr

.text.ReadSerialPort
                0x102e0b50       0x8c
 .text.ReadSerialPort
                0x102e0b50       0x8c build\gcc\obj/custom/mg_mqtt.o
                0x102e0b50                ReadSerialPort

.text.__MG_MQTT_CallBack_UART_Hdlr
                0x102e0bdc      0x558
 .text.__MG_MQTT_CallBack_UART_Hdlr
                0x102e0bdc      0x558 build\gcc\obj/custom/mg_mqtt.o
                0x102e0bdc                __MG_MQTT_CallBack_UART_Hdlr

.text.__MG_Sleep_All
                0x102e1134       0xbc
 .text.__MG_Sleep_All
                0x102e1134       0xbc build\gcc\obj/custom/mg_sleep.o
                0x102e1134                __MG_Sleep_All

.text.__MG_Wakeup_All
                0x102e11f0       0x70
 .text.__MG_Wakeup_All
                0x102e11f0       0x70 build\gcc\obj/custom/mg_sleep.o
                0x102e11f0                __MG_Wakeup_All

.text.__MG_UART_BEGIN_with_Callback
                0x102e1260       0x70
 .text.__MG_UART_BEGIN_with_Callback
                0x102e1260       0x70 build\gcc\obj/custom/mg_uart.o
                0x102e1260                __MG_UART_BEGIN_with_Callback

.text.__MG_UART_Write
                0x102e12d0       0x14
 .text.__MG_UART_Write
                0x102e12d0       0x14 build\gcc\obj/custom/mg_uart.o
                0x102e12d0                __MG_UART_Write

.text.__MG_UART_Read
                0x102e12e4       0x14
 .text.__MG_UART_Read
                0x102e12e4       0x14 build\gcc\obj/custom/mg_uart.o
                0x102e12e4                __MG_UART_Read

.text.Ql_GPIO_SetLevel
                0x102e12f8       0x68
 .text.Ql_GPIO_SetLevel
                0x102e12f8       0x68 libs/gcc/app_start.lib(gpio.o)
                0x102e12f8                Ql_GPIO_SetLevel

.text.Ql_GPRS_Deactivate
                0x102e1360       0x60
 .text.Ql_GPRS_Deactivate
                0x102e1360       0x60 libs/gcc/app_start.lib(gprs.o)
                0x102e1360                Ql_GPRS_Deactivate

.text.Ql_MEM_Alloc
                0x102e13c0       0x78
 .text.Ql_MEM_Alloc
                0x102e13c0       0x78 libs/gcc/app_start.lib(memory.o)
                0x102e13c0                Ql_MEM_Alloc

.text.Ql_MEM_Free
                0x102e1438       0x74
 .text.Ql_MEM_Free
                0x102e1438       0x74 libs/gcc/app_start.lib(memory.o)
                0x102e1438                Ql_MEM_Free

.text.Ql_SleepEnable
                0x102e14ac       0x58
 .text.Ql_SleepEnable
                0x102e14ac       0x58 libs/gcc/app_start.lib(power.o)
                0x102e14ac                Ql_SleepEnable

.text.Ql_SleepDisable
                0x102e1504       0x58
 .text.Ql_SleepDisable
                0x102e1504       0x58 libs/gcc/app_start.lib(power.o)
                0x102e1504                Ql_SleepDisable

.text.ql_InitVFunc
                0x102e155c      0x104
 .text.ql_InitVFunc
                0x102e155c      0x104 libs/gcc/app_start.lib(ql_main.o)
                0x102e155c                ql_InitVFunc

.text.ocpu_main
                0x102e1660       0xf0
 .text.ocpu_main
                0x102e1660       0xf0 libs/gcc/app_start.lib(ql_main.o)
                0x102e1660                ocpu_main

.text.proc_reserved2
                0x102e1750       0x70
 .text.proc_reserved2
                0x102e1750       0x70 libs/gcc/app_start.lib(ril_aux.o)
                0x102e1750                proc_reserved2

.text.ril_StopATTimer
                0x102e17c0       0x34
 .text.ril_StopATTimer
                0x102e17c0       0x34 libs/gcc/app_start.lib(ril_main.o)

.text.Callback_OnATTimer
                0x102e17f4       0x4c
 .text.Callback_OnATTimer
                0x102e17f4       0x4c libs/gcc/app_start.lib(ril_main.o)

.text.CallBack_SerialPort_Hdlr
                0x102e1840      0x438
 .text.CallBack_SerialPort_Hdlr
                0x102e1840      0x438 libs/gcc/app_start.lib(ril_main.o)

.text.proc_reserved1
                0x102e1c78      0x200
 .text.proc_reserved1
                0x102e1c78      0x200 libs/gcc/app_start.lib(ril_main.o)
                0x102e1c78                proc_reserved1

.text.Ql_RIL_SendATCmd
                0x102e1e78      0x260
 .text.Ql_RIL_SendATCmd
                0x102e1e78      0x260 libs/gcc/app_start.lib(ril_main.o)
                0x102e1e78                Ql_RIL_SendATCmd

.text.Ql_RIL_WriteDataToCore
                0x102e20d8       0x24
 .text.Ql_RIL_WriteDataToCore
                0x102e20d8       0x24 libs/gcc/app_start.lib(ril_main.o)
                0x102e20d8                Ql_RIL_WriteDataToCore

.text.Ql_atof   0x102e20fc       0x98
 .text.Ql_atof  0x102e20fc       0x98 libs/gcc/app_start.lib(stdlib_func.o)
                0x102e20fc                Ql_atof

.text.Ql_strcpy
                0x102e2194       0xa0
 .text.Ql_strcpy
                0x102e2194       0xa0 libs/gcc/app_start.lib(stdlib_func.o)
                0x102e2194                Ql_strcpy

.text.Ql_strncpy
                0x102e2234       0x88
 .text.Ql_strncpy
                0x102e2234       0x88 libs/gcc/app_start.lib(stdlib_func.o)
                0x102e2234                Ql_strncpy

.text.Ql_strncat
                0x102e22bc       0x88
 .text.Ql_strncat
                0x102e22bc       0x88 libs/gcc/app_start.lib(stdlib_func.o)
                0x102e22bc                Ql_strncat

.text.Ql_strlen
                0x102e2344       0x78
 .text.Ql_strlen
                0x102e2344       0x78 libs/gcc/app_start.lib(stdlib_func.o)
                0x102e2344                Ql_strlen

.text.Ql_strcmp
                0x102e23bc       0x68
 .text.Ql_strcmp
                0x102e23bc       0x68 libs/gcc/app_start.lib(stdlib_func.o)
                0x102e23bc                Ql_strcmp

.text.Ql_strncmp
                0x102e2424       0x70
 .text.Ql_strncmp
                0x102e2424       0x70 libs/gcc/app_start.lib(stdlib_func.o)
                0x102e2424                Ql_strncmp

.text.Ql_memset
                0x102e2494       0x88
 .text.Ql_memset
                0x102e2494       0x88 libs/gcc/app_start.lib(stdlib_func.o)
                0x102e2494                Ql_memset

.text.Ql_memcpy
                0x102e251c       0x88
 .text.Ql_memcpy
                0x102e251c       0x88 libs/gcc/app_start.lib(stdlib_func.o)
                0x102e251c                Ql_memcpy

.text.Ql_strstr
                0x102e25a4       0x80
 .text.Ql_strstr
                0x102e25a4       0x80 libs/gcc/app_start.lib(stdlib_func.o)
                0x102e25a4                Ql_strstr

.text.Ql_toupper
                0x102e2624        0x8
 .text.Ql_toupper
                0x102e2624        0x8 libs/gcc/app_start.lib(stdlib_func.o)
                0x102e2624                Ql_toupper

.text.Ql_atoi   0x102e262c       0x84
 .text.Ql_atoi  0x102e262c       0x84 libs/gcc/app_start.lib(stdlib_func.o)
                0x102e262c                Ql_atoi

.text.Ql_Sleep  0x102e26b0       0x74
 .text.Ql_Sleep
                0x102e26b0       0x74 libs/gcc/app_start.lib(system.o)
                0x102e26b0                Ql_Sleep

.text.Ql_GetSDKVer
                0x102e2724       0x64
 .text.Ql_GetSDKVer
                0x102e2724       0x64 libs/gcc/app_start.lib(system.o)
                0x102e2724                Ql_GetSDKVer

.text.Ql_OS_GetMessage
                0x102e2788       0x60
 .text.Ql_OS_GetMessage
                0x102e2788       0x60 libs/gcc/app_start.lib(taskMngt.o)
                0x102e2788                Ql_OS_GetMessage

.text.Ql_OS_SendMessage
                0x102e27e8       0x78
 .text.Ql_OS_SendMessage
                0x102e27e8       0x78 libs/gcc/app_start.lib(taskMngt.o)
                0x102e27e8                Ql_OS_SendMessage

.text.Ql_OS_CreateMutex
                0x102e2860       0x54
 .text.Ql_OS_CreateMutex
                0x102e2860       0x54 libs/gcc/app_start.lib(taskMngt.o)
                0x102e2860                Ql_OS_CreateMutex

.text.Ql_OS_TakeMutex
                0x102e28b4       0x54
 .text.Ql_OS_TakeMutex
                0x102e28b4       0x54 libs/gcc/app_start.lib(taskMngt.o)
                0x102e28b4                Ql_OS_TakeMutex

.text.Ql_OS_GiveMutex
                0x102e2908       0x54
 .text.Ql_OS_GiveMutex
                0x102e2908       0x54 libs/gcc/app_start.lib(taskMngt.o)
                0x102e2908                Ql_OS_GiveMutex

.text.Ql_OS_CreateEvent
                0x102e295c       0x54
 .text.Ql_OS_CreateEvent
                0x102e295c       0x54 libs/gcc/app_start.lib(taskMngt.o)
                0x102e295c                Ql_OS_CreateEvent

.text.Ql_OS_WaitEvent
                0x102e29b0       0x68
 .text.Ql_OS_WaitEvent
                0x102e29b0       0x68 libs/gcc/app_start.lib(taskMngt.o)
                0x102e29b0                Ql_OS_WaitEvent

.text.Ql_OS_SetEvent
                0x102e2a18       0x68
 .text.Ql_OS_SetEvent
                0x102e2a18       0x68 libs/gcc/app_start.lib(taskMngt.o)
                0x102e2a18                Ql_OS_SetEvent

.text.Ql_Timer_Register
                0x102e2a80       0x70
 .text.Ql_Timer_Register
                0x102e2a80       0x70 libs/gcc/app_start.lib(timer.o)
                0x102e2a80                Ql_Timer_Register

.text.Ql_Timer_Start
                0x102e2af0       0x70
 .text.Ql_Timer_Start
                0x102e2af0       0x70 libs/gcc/app_start.lib(timer.o)
                0x102e2af0                Ql_Timer_Start

.text.Ql_Timer_Stop
                0x102e2b60       0x60
 .text.Ql_Timer_Stop
                0x102e2b60       0x60 libs/gcc/app_start.lib(timer.o)
                0x102e2b60                Ql_Timer_Stop

.text.Ql_UART_Register
                0x102e2bc0       0x70
 .text.Ql_UART_Register
                0x102e2bc0       0x70 libs/gcc/app_start.lib(uart.o)
                0x102e2bc0                Ql_UART_Register

.text.Ql_UART_Open
                0x102e2c30       0x70
 .text.Ql_UART_Open
                0x102e2c30       0x70 libs/gcc/app_start.lib(uart.o)
                0x102e2c30                Ql_UART_Open

.text.Ql_UART_RX_Enable
                0x102e2ca0       0x58
 .text.Ql_UART_RX_Enable
                0x102e2ca0       0x58 libs/gcc/app_start.lib(uart.o)
                0x102e2ca0                Ql_UART_RX_Enable

.text.Ql_UART_RX_Disable
                0x102e2cf8       0x58
 .text.Ql_UART_RX_Disable
                0x102e2cf8       0x58 libs/gcc/app_start.lib(uart.o)
                0x102e2cf8                Ql_UART_RX_Disable

.text.Ql_UART_Write
                0x102e2d50       0x70
 .text.Ql_UART_Write
                0x102e2d50       0x70 libs/gcc/app_start.lib(uart.o)
                0x102e2d50                Ql_UART_Write

.text.Ql_UART_Read
                0x102e2dc0       0x70
 .text.Ql_UART_Read
                0x102e2dc0       0x70 libs/gcc/app_start.lib(uart.o)
                0x102e2dc0                Ql_UART_Read

.text.Ql_UART_GetPinStatus
                0x102e2e30       0x68
 .text.Ql_UART_GetPinStatus
                0x102e2e30       0x68 libs/gcc/app_start.lib(uart.o)
                0x102e2e30                Ql_UART_GetPinStatus

.text.Ql_UART_SendEscap
                0x102e2e98       0x60
 .text.Ql_UART_SendEscap
                0x102e2e98       0x60 libs/gcc/app_start.lib(uart.o)
                0x102e2e98                Ql_UART_SendEscap

.rodata         0x102e2ef8      0xff5
 *(.rodata)
 .rodata        0x102e2ef8       0x48 build\gcc\obj/custom/config/custom_sys_cfg.o
                0x102e2efc                SystemCfg
 .rodata        0x102e2f40       0x68 build\gcc\obj/custom/config/sys_config.o
                0x102e2f40                GpioConfigTbl
                0x102e2f44                TaskConfig
 .rodata        0x102e2fa8      0x100 build\gcc\obj/ril/src/ril_bluetooth.o
 .rodata        0x102e30a8       0x1a build\gcc\obj/ril/src/Ril_dtmf.o
 .rodata        0x102e30c2       0x4c build\gcc\obj/ril/src/ril_gps.o
 .rodata        0x102e310e        0xe build\gcc\obj/ril/src/ril_location.o
 .rodata        0x102e311c        0xa build\gcc\obj/ril/src/ril_ntp.o
 *fill*         0x102e3126        0x2 
 .rodata        0x102e3128      0xd90 build\gcc\obj/ril/src/ril_urc.o
 .rodata        0x102e3eb8       0x16 libs/gcc/app_start.lib(ql_main.o)
 .rodata        0x102e3ece        0x4 libs/gcc/app_start.lib(ril_main.o)
 .rodata        0x102e3ed2       0x1b libs/gcc/app_start.lib(system.o)

.rodata.str1.1  0x102e3eed     0x2644
 .rodata.str1.1
                0x102e3eed       0x28 build\gcc\obj/ril/src/ril_atResponse.o
                                 0x2e (size before relaxing)
 .rodata.str1.1
                0x102e3f15      0x470 build\gcc\obj/ril/src/ril_ble.o
                                0x53e (size before relaxing)
 .rodata.str1.1
                0x102e4385      0x58d build\gcc\obj/ril/src/ril_ble_clinet.o
                                0x852 (size before relaxing)
 .rodata.str1.1
                0x102e4912      0x3ad build\gcc\obj/ril/src/ril_bluetooth.o
                                0x4e3 (size before relaxing)
 .rodata.str1.1
                0x102e4cbf       0xb7 build\gcc\obj/ril/src/Ril_dtmf.o
                                 0xcc (size before relaxing)
 .rodata.str1.1
                0x102e4d76      0x11a build\gcc\obj/ril/src/ril_gps.o
                                0x14c (size before relaxing)
 .rodata.str1.1
                0x102e4e90       0x52 build\gcc\obj/ril/src/ril_init.o
 .rodata.str1.1
                0x102e4ee2       0x8a build\gcc\obj/ril/src/ril_location.o
                                 0xca (size before relaxing)
 .rodata.str1.1
                0x102e4f6c      0x11f build\gcc\obj/ril/src/ril_mqtt.o
                                0x15b (size before relaxing)
 .rodata.str1.1
                0x102e508b       0x79 build\gcc\obj/ril/src/ril_sim.o
                                 0xaf (size before relaxing)
 .rodata.str1.1
                0x102e5104      0x1b2 build\gcc\obj/ril/src/ril_urc.o
                                0x1b9 (size before relaxing)
 .rodata.str1.1
                0x102e52b6        0xa build\gcc\obj/ril/src/ril_util.o
                                 0x16 (size before relaxing)
 .rodata.str1.1
                0x102e52c0        0x4 build\gcc\obj/example/utility.o
                                  0xb (size before relaxing)
 .rodata.str1.1
                0x102e52c4       0x79 build\gcc\obj/custom/main.o
 .rodata.str1.1
                0x102e533d      0x189 build\gcc\obj/custom/mg_gnss.o
                                0x197 (size before relaxing)
 .rodata.str1.1
                0x102e54c6      0x937 build\gcc\obj/custom/mg_mqtt.o
                                0x942 (size before relaxing)
 .rodata.str1.1
                0x102e5dfd       0xfb build\gcc\obj/custom/mg_sleep.o
 .rodata.str1.1
                0x102e5ef8       0x52 build\gcc\obj/custom/mg_uart.o
 .rodata.str1.1
                0x102e5f4a       0x9a libs/gcc/app_start.lib(gpio.o)
 .rodata.str1.1
                0x102e5fe4       0xcb libs/gcc/app_start.lib(gprs.o)
 .rodata.str1.1
                0x102e60af       0x19 libs/gcc/app_start.lib(memory.o)
 .rodata.str1.1
                0x102e60c8       0x82 libs/gcc/app_start.lib(power.o)
 .rodata.str1.1
                0x102e614a       0x51 libs/gcc/app_start.lib(ql_main.o)
                                 0x56 (size before relaxing)
 .rodata.str1.1
                0x102e619b       0x2b libs/gcc/app_start.lib(ril_main.o)
                                 0x32 (size before relaxing)
 .rodata.str1.1
                0x102e61c6       0xa1 libs/gcc/app_start.lib(stdlib_func.o)
 .rodata.str1.1
                0x102e6267       0x3d libs/gcc/app_start.lib(system.o)
 .rodata.str1.1
                0x102e62a4      0x140 libs/gcc/app_start.lib(taskMngt.o)
 .rodata.str1.1
                0x102e63e4       0x45 libs/gcc/app_start.lib(timer.o)
 .rodata.str1.1
                0x102e6429      0x108 libs/gcc/app_start.lib(uart.o)

.rel.dyn        0x102e6534        0x0
 .rel.iplt      0x00000000        0x0 build\gcc\obj/custom/config/custom_sys_cfg.o

.data           0xf03d2000      0x260 load address 0x102e6538
                0x102e6538                PROVIDE (__data_load, LOADADDR (.data))
                0xf03d2000                PROVIDE (__data_start, .)
 *(.data)
 .data          0xf03d2000        0x1 build\gcc\obj/ril/src/ril_bluetooth.o
 *fill*         0xf03d2001        0x3 
 .data          0xf03d2004       0x20 build\gcc\obj/ril/src/ril_init.o
                0xf03d2004                g_LimitedCmds
                0xf03d200c                g_InitCmds
 .data          0xf03d2024       0x38 build\gcc\obj/ril/src/ril_urc.o
                0xf03d2024                mqtt_urc_param
 .data          0xf03d205c      0x1d1 build\gcc\obj/custom/mg_mqtt.o
                0xf03d205c                clientID
                0xf03d2065                username
                0xf03d206e                passwd
                0xf03d2076                Topic_Pub
                0xf03d20f6                Topic_Sub
                0xf03d2176                Payload
                0xf03d21f6                CLOSE_flag
                0xf03d21f7                DISC_flag
                0xf03d21f8                device_secret
                0xf03d220b                device_name
                0xf03d221c                product_key
 .data          0xf03d222d        0x1 build\gcc\obj/custom/mg_uart.o
                0xf03d222d                m_myUartPort
 .data          0xf03d222e       0x18 libs/gcc/app_start.lib(ql_func.o)
                0xf03d222e                api_notsup
 *fill*         0xf03d2246        0x2 
 .data          0xf03d2248        0x4 libs/gcc/app_start.lib(ril_aux.o)
                0xf03d2248                g_ril_auxTaskId
 .data          0xf03d224c       0x10 libs/gcc/app_start.lib(ril_main.o)
                0xf03d2260                . = ALIGN (0x8)
 *fill*         0xf03d225c        0x4 
                0xf03d2260                PROVIDE (_edata, .)

.igot.plt       0xf03d2260        0x0 load address 0x102e6798
 .igot.plt      0x00000000        0x0 build\gcc\obj/custom/config/custom_sys_cfg.o

.bss            0xf03d2260     0x1bf4 load address 0x102e6798
                0xf03d2260                PROVIDE (__bss_start__, .)
 *(.bss)
 .bss           0xf03d2260        0x4 build\gcc\obj/ril/src/ril_atResponse.o
 .bss           0xf03d2264        0x4 build\gcc\obj/ril/src/ril_audio.o
                0xf03d2264                cb_aud_play
 .bss           0xf03d2268        0x4 build\gcc\obj/ril/src/ril_ble.o
 .bss           0xf03d226c      0x204 build\gcc\obj/ril/src/ril_ble_clinet.o
 .bss           0xf03d2470       0x98 build\gcc\obj/ril/src/ril_bluetooth.o
 .bss           0xf03d2508        0x4 build\gcc\obj/ril/src/ril_custom.o
                0xf03d2508                cb_rcvCoreData
 .bss           0xf03d250c       0x10 build\gcc\obj/ril/src/Ril_dtmf.o
 .bss           0xf03d251c        0x4 build\gcc\obj/ril/src/ril_gps.o
 .bss           0xf03d2520       0x18 build\gcc\obj/ril/src/ril_http.o
                0xf03d2524                http_url_addr
                0xf03d2528                http_url_addr_len
                0xf03d252c                http_post_msg
                0xf03d2530                http_post_msg_len
                0xf03d2534                callback_http_dwnld
 .bss           0xf03d2538        0x4 build\gcc\obj/ril/src/ril_location.o
 .bss           0xf03d253c        0x4 build\gcc\obj/ril/src/ril_ntp.o
 .bss           0xf03d2540        0x8 build\gcc\obj/ril/src/ril_urc.o
                0xf03d2540                FtpGet_IND_CB
                0xf03d2544                FtpPut_IND_CB
 .bss           0xf03d2548      0x200 build\gcc\obj/custom/mg_debugger.o
 .bss           0xf03d2748       0x14 build\gcc\obj/custom/mg_mqtt.o
                0xf03d2748                pub_message_id
                0xf03d274c                connect_id
                0xf03d2750                sub_message_id
                0xf03d2755                MQTT_Connected
                0xf03d2756                MQTT_Read_Ready
                0xf03d2758                mqtt_urc_param_ptr
 .bss           0xf03d275c       0x20 libs/gcc/app_start.lib(gpio.o)
                0xf03d275c                m_GPIO_Init
                0xf03d2760                m_GPIO_SetLevel
                0xf03d2764                m_GPIO_GetLevel
                0xf03d2768                m_GPIO_SetDirection
                0xf03d276c                m_GPIO_GetDirection
                0xf03d2770                m_GPIO_SetPullSelection
                0xf03d2774                m_GPIO_GetPullSelection
                0xf03d2778                m_GPIO_Uninit
 .bss           0xf03d277c       0x28 libs/gcc/app_start.lib(gprs.o)
 .bss           0xf03d27a4        0x8 libs/gcc/app_start.lib(memory.o)
 .bss           0xf03d27ac       0x20 libs/gcc/app_start.lib(power.o)
 .bss           0xf03d27cc       0x24 libs/gcc/app_start.lib(ql_func.o)
                0xf03d27cc                m_StartPlayAudioStream
                0xf03d27d0                m_get_api_ptr
                0xf03d27d4                m_StopPlayAudioStream
                0xf03d27d8                m_GetRelativeTime_Counter
                0xf03d27dc                m_SecondToTicks
                0xf03d27e0                m_MillisecondToTicks
                0xf03d27e4                m_CalendarTime2LocalTime
                0xf03d27e8                m_osChangeTaskPriority
                0xf03d27ec                m_create_api_hash
 .bss           0xf03d27f0       0x10 libs/gcc/app_start.lib(ql_main.o)
                0xf03d27f4                runinfo
 .bss           0xf03d2800        0x1 libs/gcc/app_start.lib(ril_aux.o)
                0xf03d2800                g_ril_auxTaskReady
 *fill*         0xf03d2801        0x3 
 .bss           0xf03d2804      0xc34 libs/gcc/app_start.lib(ril_main.o)
 .bss           0xf03d3438       0x40 libs/gcc/app_start.lib(stdlib_func.o)
 .bss           0xf03d3478       0x14 libs/gcc/app_start.lib(system.o)
 .bss           0xf03d348c       0x40 libs/gcc/app_start.lib(taskMngt.o)
 .bss           0xf03d34cc       0x10 libs/gcc/app_start.lib(timer.o)
 .bss           0xf03d34dc       0x3c libs/gcc/app_start.lib(uart.o)
                0xf03d3518                . = ALIGN (0x8)
                0xf03d3518                PROVIDE (__bss_end__, .)
 COMMON         0xf03d3518      0x124 build\gcc\obj/ril/src/ril_telephony.o
                0xf03d3518                g_comingCall
 COMMON         0xf03d363c      0x800 build\gcc\obj/custom/mg_uart.o
                0xf03d363c                g_RxBuf_Uart1
 COMMON         0xf03d3e3c       0x14 libs/gcc/app_start.lib(ql_main.o)
                0xf03d3e3c                Ql_snprintf
                0xf03d3e40                Ql_sprintf
                0xf03d3e44                Ql_Debug_Trace
                0xf03d3e48                Ql_vsprintf
                0xf03d3e4c                Ql_sscanf
 COMMON         0xf03d3e50        0x4 libs/gcc/app_start.lib(ril_main.o)
                0xf03d3e50                MQTT_Recvhandler
LOAD build\gcc\obj/custom/config/custom_sys_cfg.o
LOAD build\gcc\obj/custom/config/sys_config.o
LOAD build\gcc\obj/ril/src/ril_alarm.o
LOAD build\gcc\obj/ril/src/ril_atResponse.o
LOAD build\gcc\obj/ril/src/ril_audio.o
LOAD build\gcc\obj/ril/src/ril_ble.o
LOAD build\gcc\obj/ril/src/ril_ble_clinet.o
LOAD build\gcc\obj/ril/src/ril_bluetooth.o
LOAD build\gcc\obj/ril/src/ril_custom.o
LOAD build\gcc\obj/ril/src/Ril_dtmf.o
LOAD build\gcc\obj/ril/src/ril_ftp.o
LOAD build\gcc\obj/ril/src/ril_gps.o
LOAD build\gcc\obj/ril/src/ril_http.o
LOAD build\gcc\obj/ril/src/ril_init.o
LOAD build\gcc\obj/ril/src/ril_location.o
LOAD build\gcc\obj/ril/src/ril_location2.o
LOAD build\gcc\obj/ril/src/ril_mqtt.o
LOAD build\gcc\obj/ril/src/ril_network.o
LOAD build\gcc\obj/ril/src/ril_ntp.o
LOAD build\gcc\obj/ril/src/ril_sim.o
LOAD build\gcc\obj/ril/src/ril_sms.o
LOAD build\gcc\obj/ril/src/ril_system.o
LOAD build\gcc\obj/ril/src/ril_telephony.o
LOAD build\gcc\obj/ril/src/ril_urc.o
LOAD build\gcc\obj/ril/src/ril_util.o
LOAD build\gcc\obj/example/example_adc.o
LOAD build\gcc\obj/example/example_alarm.o
LOAD build\gcc\obj/example/example_audio.o
LOAD build\gcc\obj/example/example_ble.o
LOAD build\gcc\obj/example/example_ble_client.o
LOAD build\gcc\obj/example/example_bluetooth.o
LOAD build\gcc\obj/example/example_call.o
LOAD build\gcc\obj/example/example_clk.o
LOAD build\gcc\obj/example/example_csd.o
LOAD build\gcc\obj/example/example_download_epo.o
LOAD build\gcc\obj/example/example_dtmf.o
LOAD build\gcc\obj/example/example_eint.o
LOAD build\gcc\obj/example/example_epo_callback.o
LOAD build\gcc\obj/example/example_file.o
LOAD build\gcc\obj/example/example_float_math.o
LOAD build\gcc\obj/example/example_fota_ftp.o
LOAD build\gcc\obj/example/example_fota_http.o
LOAD build\gcc\obj/example/example_ftp.o
LOAD build\gcc\obj/example/example_gpio.o
LOAD build\gcc\obj/example/example_gps.o
LOAD build\gcc\obj/example/Example_gps_iic.o
LOAD build\gcc\obj/example/example_http.o
LOAD build\gcc\obj/example/example_iic.o
LOAD build\gcc\obj/example/example_location.o
LOAD build\gcc\obj/example/example_location2.o
LOAD build\gcc\obj/example/example_memory.o
LOAD build\gcc\obj/example/example_mqtt.o
LOAD build\gcc\obj/example/example_multitask.o
LOAD build\gcc\obj/example/example_multitask_port.o
LOAD build\gcc\obj/example/example_pwm.o
LOAD build\gcc\obj/example/example_sms.o
LOAD build\gcc\obj/example/example_spi.o
LOAD build\gcc\obj/example/example_system.o
LOAD build\gcc\obj/example/example_tcp_demo.o
LOAD build\gcc\obj/example/example_tcpclient.o
LOAD build\gcc\obj/example/example_tcpserver.o
LOAD build\gcc\obj/example/example_time.o
LOAD build\gcc\obj/example/example_timer.o
LOAD build\gcc\obj/example/example_transpass.o
LOAD build\gcc\obj/example/example_udpclient.o
LOAD build\gcc\obj/example/example_udpserver.o
LOAD build\gcc\obj/example/example_watchdog.o
LOAD build\gcc\obj/example/nema_pro.o
LOAD build\gcc\obj/example/utility.o
LOAD build\gcc\obj/custom/main.o
LOAD build\gcc\obj/custom/mg_adc.o
LOAD build\gcc\obj/custom/mg_debugger.o
LOAD build\gcc\obj/custom/mg_gnss.o
LOAD build\gcc\obj/custom/mg_gprs.o
LOAD build\gcc\obj/custom/mg_mqtt.o
LOAD build\gcc\obj/custom/mg_sleep.o
LOAD build\gcc\obj/custom/mg_sms.o
LOAD build\gcc\obj/custom/mg_spi.o
LOAD build\gcc\obj/custom/mg_timer.o
LOAD build\gcc\obj/custom/mg_uart.o
LOAD build\gcc\obj/custom/fota/src/fota_ftp.o
LOAD build\gcc\obj/custom/fota/src/fota_http.o
LOAD build\gcc\obj/custom/fota/src/fota_http_code.o
LOAD build\gcc\obj/custom/fota/src/fota_main.o
LOAD libs/gcc/app_start.lib
LOAD C:\Program Files (x86)\CodeSourcery\Sourcery_CodeBench_Lite_for_ARM_EABI/arm-none-eabi/lib/thumb/libm.a
LOAD C:\Program Files (x86)\CodeSourcery\Sourcery_CodeBench_Lite_for_ARM_EABI/arm-none-eabi/lib/thumb/libc.a
LOAD C:\Program Files (x86)\CodeSourcery\Sourcery_CodeBench_Lite_for_ARM_EABI/arm-none-eabi/lib/thumb/libcs3.a
LOAD C:\Program Files (x86)\CodeSourcery\Sourcery_CodeBench_Lite_for_ARM_EABI/lib/gcc/arm-none-eabi/4.7.2/thumb/libgcc.a
OUTPUT(build\gcc/APPGS3MDM32A01.elf elf32-littlearm)

.comment        0x00000000       0x30
 .comment       0x00000000       0x30 build\gcc\obj/custom/config/custom_sys_cfg.o
                                 0x31 (size before relaxing)
 .comment       0x00000000       0x31 build\gcc\obj/custom/config/sys_config.o
 .comment       0x00000000       0x31 build\gcc\obj/ril/src/ril_atResponse.o
 .comment       0x00000000       0x31 build\gcc\obj/ril/src/ril_audio.o
 .comment       0x00000000       0x31 build\gcc\obj/ril/src/ril_ble.o
 .comment       0x00000000       0x31 build\gcc\obj/ril/src/ril_ble_clinet.o
 .comment       0x00000000       0x31 build\gcc\obj/ril/src/ril_bluetooth.o
 .comment       0x00000000       0x31 build\gcc\obj/ril/src/ril_custom.o
 .comment       0x00000000       0x31 build\gcc\obj/ril/src/Ril_dtmf.o
 .comment       0x00000000       0x31 build\gcc\obj/ril/src/ril_gps.o
 .comment       0x00000000       0x31 build\gcc\obj/ril/src/ril_http.o
 .comment       0x00000000       0x31 build\gcc\obj/ril/src/ril_init.o
 .comment       0x00000000       0x31 build\gcc\obj/ril/src/ril_location.o
 .comment       0x00000000       0x31 build\gcc\obj/ril/src/ril_mqtt.o
 .comment       0x00000000       0x31 build\gcc\obj/ril/src/ril_ntp.o
 .comment       0x00000000       0x31 build\gcc\obj/ril/src/ril_sim.o
 .comment       0x00000000       0x31 build\gcc\obj/ril/src/ril_system.o
 .comment       0x00000000       0x31 build\gcc\obj/ril/src/ril_telephony.o
 .comment       0x00000000       0x31 build\gcc\obj/ril/src/ril_urc.o
 .comment       0x00000000       0x31 build\gcc\obj/ril/src/ril_util.o
 .comment       0x00000000       0x31 build\gcc\obj/example/utility.o
 .comment       0x00000000       0x31 build\gcc\obj/custom/main.o
 .comment       0x00000000       0x31 build\gcc\obj/custom/mg_debugger.o
 .comment       0x00000000       0x31 build\gcc\obj/custom/mg_gnss.o
 .comment       0x00000000       0x31 build\gcc\obj/custom/mg_mqtt.o
 .comment       0x00000000       0x31 build\gcc\obj/custom/mg_sleep.o
 .comment       0x00000000       0x31 build\gcc\obj/custom/mg_uart.o
 .comment       0x00000000       0x31 libs/gcc/app_start.lib(gpio.o)
 .comment       0x00000000       0x31 libs/gcc/app_start.lib(gprs.o)
 .comment       0x00000000       0x31 libs/gcc/app_start.lib(memory.o)
 .comment       0x00000000       0x31 libs/gcc/app_start.lib(power.o)
 .comment       0x00000000       0x31 libs/gcc/app_start.lib(ql_func.o)
 .comment       0x00000000       0x31 libs/gcc/app_start.lib(ql_main.o)
 .comment       0x00000000       0x31 libs/gcc/app_start.lib(ril_aux.o)
 .comment       0x00000000       0x31 libs/gcc/app_start.lib(ril_main.o)
 .comment       0x00000000       0x31 libs/gcc/app_start.lib(stdlib_func.o)
 .comment       0x00000000       0x31 libs/gcc/app_start.lib(system.o)
 .comment       0x00000000       0x31 libs/gcc/app_start.lib(taskMngt.o)
 .comment       0x00000000       0x31 libs/gcc/app_start.lib(timer.o)
 .comment       0x00000000       0x31 libs/gcc/app_start.lib(uart.o)

.ARM.attributes
                0x00000000       0x2b
 .ARM.attributes
                0x00000000       0x2b build\gcc\obj/custom/config/custom_sys_cfg.o
 .ARM.attributes
                0x0000002b       0x2b build\gcc\obj/custom/config/sys_config.o
 .ARM.attributes
                0x00000056       0x2b build\gcc\obj/ril/src/ril_atResponse.o
 .ARM.attributes
                0x00000081       0x2b build\gcc\obj/ril/src/ril_audio.o
 .ARM.attributes
                0x000000ac       0x2b build\gcc\obj/ril/src/ril_ble.o
 .ARM.attributes
                0x000000d7       0x2b build\gcc\obj/ril/src/ril_ble_clinet.o
 .ARM.attributes
                0x00000102       0x2b build\gcc\obj/ril/src/ril_bluetooth.o
 .ARM.attributes
                0x0000012d       0x2b build\gcc\obj/ril/src/ril_custom.o
 .ARM.attributes
                0x00000158       0x2b build\gcc\obj/ril/src/Ril_dtmf.o
 .ARM.attributes
                0x00000183       0x2b build\gcc\obj/ril/src/ril_gps.o
 .ARM.attributes
                0x000001ae       0x2b build\gcc\obj/ril/src/ril_http.o
 .ARM.attributes
                0x000001d9       0x2b build\gcc\obj/ril/src/ril_init.o
 .ARM.attributes
                0x00000204       0x2b build\gcc\obj/ril/src/ril_location.o
 .ARM.attributes
                0x0000022f       0x2b build\gcc\obj/ril/src/ril_mqtt.o
 .ARM.attributes
                0x0000025a       0x2b build\gcc\obj/ril/src/ril_ntp.o
 .ARM.attributes
                0x00000285       0x2b build\gcc\obj/ril/src/ril_sim.o
 .ARM.attributes
                0x000002b0       0x2b build\gcc\obj/ril/src/ril_system.o
 .ARM.attributes
                0x000002db       0x2b build\gcc\obj/ril/src/ril_telephony.o
 .ARM.attributes
                0x00000306       0x2b build\gcc\obj/ril/src/ril_urc.o
 .ARM.attributes
                0x00000331       0x2b build\gcc\obj/ril/src/ril_util.o
 .ARM.attributes
                0x0000035c       0x2b build\gcc\obj/example/utility.o
 .ARM.attributes
                0x00000387       0x2b build\gcc\obj/custom/main.o
 .ARM.attributes
                0x000003b2       0x2b build\gcc\obj/custom/mg_debugger.o
 .ARM.attributes
                0x000003dd       0x2b build\gcc\obj/custom/mg_gnss.o
 .ARM.attributes
                0x00000408       0x2b build\gcc\obj/custom/mg_mqtt.o
 .ARM.attributes
                0x00000433       0x2b build\gcc\obj/custom/mg_sleep.o
 .ARM.attributes
                0x0000045e       0x2b build\gcc\obj/custom/mg_uart.o
 .ARM.attributes
                0x00000489       0x2b libs/gcc/app_start.lib(gpio.o)
 .ARM.attributes
                0x000004b4       0x2b libs/gcc/app_start.lib(gprs.o)
 .ARM.attributes
                0x000004df       0x2b libs/gcc/app_start.lib(memory.o)
 .ARM.attributes
                0x0000050a       0x2b libs/gcc/app_start.lib(power.o)
 .ARM.attributes
                0x00000535       0x2b libs/gcc/app_start.lib(ql_func.o)
 .ARM.attributes
                0x00000560       0x2b libs/gcc/app_start.lib(ql_main.o)
 .ARM.attributes
                0x0000058b       0x2b libs/gcc/app_start.lib(ril_aux.o)
 .ARM.attributes
                0x000005b6       0x2b libs/gcc/app_start.lib(ril_main.o)
 .ARM.attributes
                0x000005e1       0x2b libs/gcc/app_start.lib(stdlib_func.o)
 .ARM.attributes
                0x0000060c       0x2b libs/gcc/app_start.lib(system.o)
 .ARM.attributes
                0x00000637       0x2b libs/gcc/app_start.lib(taskMngt.o)
 .ARM.attributes
                0x00000662       0x2b libs/gcc/app_start.lib(timer.o)
 .ARM.attributes
                0x0000068d       0x2b libs/gcc/app_start.lib(uart.o)
 .ARM.attributes
                0x000006b8       0x1d libs/gcc/app_start.lib(ocpu_init.o)
 .ARM.attributes
                0x000006d5       0x30 C:\Program Files (x86)\CodeSourcery\Sourcery_CodeBench_Lite_for_ARM_EABI/arm-none-eabi/lib/thumb/libc.a(lib_a-memcpy.o)
 .ARM.attributes
                0x00000705       0x30 C:\Program Files (x86)\CodeSourcery\Sourcery_CodeBench_Lite_for_ARM_EABI/arm-none-eabi/lib/thumb/libc.a(lib_a-memset.o)
 .ARM.attributes
                0x00000735       0x18 C:\Program Files (x86)\CodeSourcery\Sourcery_CodeBench_Lite_for_ARM_EABI/lib/gcc/arm-none-eabi/4.7.2/thumb/libgcc.a(_udivsi3.o)
 .ARM.attributes
                0x0000074d       0x16 C:\Program Files (x86)\CodeSourcery\Sourcery_CodeBench_Lite_for_ARM_EABI/lib/gcc/arm-none-eabi/4.7.2/thumb/libgcc.a(_dvmd_tls.o)
 .ARM.attributes
                0x00000763       0x18 C:\Program Files (x86)\CodeSourcery\Sourcery_CodeBench_Lite_for_ARM_EABI/lib/gcc/arm-none-eabi/4.7.2/thumb/libgcc.a(_arm_fixdfsi.o)
 .ARM.attributes
                0x0000077b       0x18 C:\Program Files (x86)\CodeSourcery\Sourcery_CodeBench_Lite_for_ARM_EABI/lib/gcc/arm-none-eabi/4.7.2/thumb/libgcc.a(_arm_truncdfsf2.o)

.debug_frame    0x00000000       0x84
 .debug_frame   0x00000000       0x38 C:\Program Files (x86)\CodeSourcery\Sourcery_CodeBench_Lite_for_ARM_EABI/arm-none-eabi/lib/thumb/libc.a(lib_a-memcpy.o)
 .debug_frame   0x00000038       0x2c C:\Program Files (x86)\CodeSourcery\Sourcery_CodeBench_Lite_for_ARM_EABI/arm-none-eabi/lib/thumb/libc.a(lib_a-memset.o)
 .debug_frame   0x00000064       0x20 C:\Program Files (x86)\CodeSourcery\Sourcery_CodeBench_Lite_for_ARM_EABI/lib/gcc/arm-none-eabi/4.7.2/thumb/libgcc.a(_udivsi3.o)
